[2026-10-02T02:18:17Z] FAIL  whats-new - <urlopen error [SSL: CERTIFICATE_VERIFY_FAILED] certificate verify failed: unable to get local issuer certificate (_ssl.c:1125)>
[2026-10-02T02:18:30Z] FAIL  security-blog - <urlopen error [SSL: CERTIFICATE_VERIFY_FAILED] certificate verify failed: unable to get local issuer certificate (_ssl.c:1125)>
[2026-10-02T02:18:42Z] FAIL  security-bulletins - <urlopen error [SSL: CERTIFICATE_VERIFY_FAILED] certificate verify failed: unable to get local issuer certificate (_ssl.c:1125)>
[2026-10-02T02:18:55Z] FAIL  guardduty-doc-history - <urlopen error [SSL: CERTIFICATE_VERIFY_FAILED] certificate verify failed: unable to get local issuer certificate (_ssl.c:1125)>
[2026-10-02T02:18:55Z] DONE  0 new items {} | archive total 0
[2026-10-02T02:23:53Z] OK    whats-new - 100 items in feed, 58 new
[2026-10-02T02:23:55Z] OK    security-blog - 20 items in feed, 20 new
[2026-10-02T02:23:56Z] OK    security-bulletins - 92 items in feed, 92 new
[2026-10-02T02:23:57Z] OK    guardduty-doc-history - 230 items in feed, 46 new
[2026-10-02T02:23:57Z] DONE  216 new items {"adjacent": 16, "core": 100, "review-queue": 21, "advisory": 79} | archive total 216
[2026-10-02T02:28:15Z] OK    whats-new - 100 items in feed, 58 new
[2026-10-02T02:28:16Z] OK    security-blog - 20 items in feed, 20 new
[2026-10-02T02:28:17Z] OK    security-bulletins - 92 items in feed, 92 new
[2026-10-02T02:28:18Z] OK    guardduty-doc-history - 230 items in feed, 225 new
[2026-10-02T02:28:18Z] DONE  395 new items {"adjacent": 16, "core": 279, "review-queue": 21, "advisory": 79} | archive total 395
[2026-10-02T02:30:15Z] OK    whats-new - 100 items in feed, 58 new
[2026-10-02T02:30:16Z] OK    security-blog - 20 items in feed, 20 new
[2026-10-02T02:30:17Z] OK    security-bulletins - 92 items in feed, 92 new
[2026-10-02T02:30:19Z] OK    guardduty-doc-history - 230 items in feed, 225 new
[2026-10-02T02:30:19Z] DONE  395 new items {"adjacent": 16, "core": 279, "review-queue": 21, "advisory": 79} | archive total 395
[2026-10-02T02:30:20Z] OK    whats-new - 100 items in feed, 0 new
[2026-10-02T02:30:20Z] OK    security-blog - 20 items in feed, 0 new
[2026-10-02T02:30:21Z] OK    security-bulletins - 92 items in feed, 0 new
[2026-10-02T02:30:21Z] OK    guardduty-doc-history - 230 items in feed, 0 new
[2026-10-02T02:30:21Z] DONE  0 new items {} | archive total 395
[2026-10-02T02:33:54Z] RECLASSIFY 395 items | 67 reclassified | 1 now out-of-scope
[2026-10-02T02:36:46Z] RECLASSIFY 395 items | 55 reclassified | 1 now out-of-scope
[2026-10-02T02:39:31Z] RECLASSIFY 395 items | 6 reclassified | 1 now out-of-scope
[2026-10-02T02:51:35Z] RECLASSIFY 395 items | 2 reclassified | 1 now out-of-scope
[2026-10-02T02:54:40Z] OK    whats-new - 100 items in feed, 0 new
[2026-10-02T02:54:41Z] OK    security-blog - 20 items in feed, 0 new
[2026-10-02T02:54:43Z] OK    security-bulletins - 92 items in feed, 0 new
[2026-10-02T02:54:43Z] OK    guardduty-doc-history - 230 items in feed, 0 new
[2026-10-02T02:54:43Z] DONE  0 new items {} | archive total 395
[2026-10-02T03:24:30Z] OK    whats-new - 100 items in feed, 1 new
[2026-10-02T03:24:31Z] OK    security-blog - 20 items in feed, 0 new
[2026-10-02T03:24:32Z] OK    security-bulletins - 92 items in feed, 0 new
[2026-10-02T03:24:32Z] OK    guardduty-doc-history - 230 items in feed, 0 new
[2026-10-02T03:24:32Z] DONE  1 new items {"low-signal": 1} | archive total 396
[2026-10-02T03:37:46Z] OK    whats-new - 100 items in feed, 0 new
[2026-10-02T03:37:47Z] OK    security-blog - 20 items in feed, 0 new
[2026-10-02T03:37:48Z] OK    security-bulletins - 92 items in feed, 0 new
[2026-10-02T03:37:49Z] OK    guardduty-doc-history - 230 items in feed, 0 new
[2026-10-02T03:37:49Z] DONE  0 new items {} | archive total 396
[2026-10-02T03:50:12Z] RECLASSIFY 396 items | 1 reclassified | 1 now out-of-scope
[2026-10-03T17:58:24Z] OK    whats-new - 100 items in feed, 6 new
[2026-10-03T17:58:27Z] OK    security-blog - 20 items in feed, 0 new
[2026-10-03T17:58:28Z] OK    security-bulletins - 95 items in feed, 3 new
[2026-10-03T17:58:29Z] OK    guardduty-doc-history - 230 items in feed, 0 new
[2026-10-03T17:58:29Z] DONE  9 new items {"low-signal": 4, "review-queue": 1, "core": 1, "advisory": 3} | archive total 405
